mappings	cnt
0	143
1	79
2	7
3	11
4	4
5	2
6	0
7	0
8	1
