coding 0,0,128 navy
lncRNA 0,100,0 darkgreen
pseudo 255,0,255 fuchsia
smallRNA 218,165,32 goldenrod
unsure 138,43,226 blueviolet
