cluster	coords	clusterType	bioCat	catGeneIds	gencodeGeneIds	geneSymbols	hgncIds
1353	chr1:127717927-127720188	known	lncRNA	CHM13_G0002968	ENSG00000279579.3	LINC01666	HGNC:52454
1409	chr1:146049436-146055305	unknown	protein_coding	CHM13_G0013528			
6564	chr10:42543436-42545501	known	protein_coding	CHM13_G0016880	ENSG00000260596.5	DUX4	HGNC:50800
14013	chr13:10381957-10382988	known	pseudoGene	CHM13_G0025432	ENSG00000279626.1	DUX4L28	HGNC:51605
14016	chr13:13545651-13553681	unknown	protein_coding	CHM13_G0025453			
51708	chr9:42092293-42092955	known	lncRNA	CHM13_G0072845	ENSG00000226904.1	AL353608.2	
52817	chr9:80047469-80103160	unknown	protein_coding	CHM13_G0073433			
