cat	count	rate
transcripts	4	1.00
transFrameShift	1	0.25
genes	3	1.00
geneFrameShift	1	0.33
geneAllFrameShift	0	0.00
