[
    {
        "chrom": "chr1",
        "chromStart": 89294,
        "chromEnd": 213579267,
        "contextId": "cntx0",
        "downstreamGenes": [],
        "missingGenes": [
            {
                "chrom": "chr1",
                "chromStart": 89294,
                "chromEnd": 133723,
                "name": "ENSG00000238009.6",
                "strand": "-",
                "thickStart": 133723,
                "thickEnd": 133723,
                "itemRgb": "0,0,0",
                "geneSym": "AL627309.1",
                "hgncId": null,
                "geneIds": [
                    "ENSG00000238009.6"
                ],
                "geneType": "lncRNA"
            },
            {
                "chrom": "chr1",
                "chromStart": 139789,
                "chromEnd": 140339,
                "name": "ENSG00000239906.1",
                "strand": "-",
                "thickStart": "140339",
                "thickEnd": "140339",
                "itemRgb": "0,0,0",
                "geneSym": "AL627309.2",
                "hgncId": null,
                "geneIds": [
                    "ENSG00000239906.1"
                ],
                "geneType": "lncRNA"
            },
            {
                "chrom": "chr1",
                "chromStart": 141473,
                "chromEnd": 173862,
                "name": "ENSG00000241860.7",
                "strand": "-",
                "thickStart": "173862",
                "thickEnd": "173862",
                "itemRgb": "0,0,0",
                "geneSym": "AL627309.5",
                "hgncId": null,
                "geneIds": [
                    "ENSG00000241860.7"
                ],
                "geneType": "lncRNA"
            },
            {
                "chrom": "chr1",
                "chromStart": 587628,
                "chromEnd": 594768,
                "name": "ENSG00000235146.2",
                "strand": "+",
                "thickStart": "594768",
                "thickEnd": "594768",
                "itemRgb": "0,0,0",
                "geneSym": "AC114498.1",
                "hgncId": null,
                "geneIds": [
                    "ENSG00000235146.2"
                ],
                "geneType": "lncRNA"
            },
            {
                "chrom": "chr1",
                "chromStart": 760910,
                "chromEnd": 761989,
                "name": "ENSG00000229905.1",
                "strand": "+",
                "thickStart": "761989",
                "thickEnd": "761989",
                "itemRgb": "0,0,0",
                "geneSym": "AL669831.2",
                "hgncId": null,
                "geneIds": [
                    "ENSG00000229905.1"
                ],
                "geneType": "lncRNA"
            },
            {
                "chrom": "chr1",
                "chromStart": 778746,
                "chromEnd": 810065,
                "name": "ENSG00000237491.10",
                "strand": "+",
                "thickStart": "810065",
                "thickEnd": "810065",
                "itemRgb": "0,0,0",
                "geneSym": "LINC01409",
                "hgncId": "HGNC:50701",
                "geneIds": [
                    "ENSG00000237491.10"
                ],
                "geneType": "lncRNA"
            },
            {
                "chrom": "chr1",
                "chromStart": 817370,
                "chromEnd": 819837,
                "name": "ENSG00000177757.2",
                "strand": "+",
                "thickStart": "819837",
                "thickEnd": "819837",
                "itemRgb": "0,0,0",
                "geneSym": "FAM87B",
                "hgncId": "HGNC:32236",
                "geneIds": [
                    "ENSG00000177757.2"
                ],
                "geneType": "lncRNA"
            },
            {
                "chrom": "chr1",
                "chromStart": 825137,
                "chromEnd": 859446,
                "name": "ENSG00000228794.10",
                "strand": "+",
                "thickStart": "859446",
                "thickEnd": "859446",
                "itemRgb": "0,0,0",
                "geneSym": "LINC01128",
                "hgncId": "HGNC:49377",
                "geneIds": [
                    "ENSG00000228794.10"
                ],
                "geneType": "lncRNA"
            },
            {
                "chrom": "chr1",
                "chromStart": 826205,
                "chromEnd": 827522,
                "name": "ENSG00000225880.5",
                "strand": "-",
                "thickStart": "827522",
                "thickEnd": "827522",
                "itemRgb": "0,0,0",
                "geneSym": "LINC00115",
                "hgncId": "HGNC:26211",
                "geneIds": [
                    "ENSG00000225880.5"
                ],
                "geneType": "lncRNA"
            }
        ],
        "upstreamGenes": [
            {
                "chrom": "chr1",
                "chromStart": 54548227,
                "chromEnd": 54639192,
                "name": "ENSG00000162390.17",
                "strand": "+",
                "thickStart": "54639192",
                "thickEnd": "54639192",
                "itemRgb": "0,0,0",
                "geneSym": "ACOT11",
                "hgncId": "HGNC:18156",
                "geneIds": [
                    "ENSG00000162390.17"
                ],
                "geneType": "protein_coding"
            },
            {
                "chrom": "chr1",
                "chromStart": 54609180,
                "chromEnd": 54623556,
                "name": "ENSG00000162391.12",
                "strand": "-",
                "thickStart": "54623556",
                "thickEnd": "54623556",
                "itemRgb": "0,0,0",
                "geneSym": "FAM151A",
                "hgncId": "HGNC:25032",
                "geneIds": [
                    "ENSG00000162391.12"
                ],
                "geneType": "protein_coding"
            },
            {
                "chrom": "chr1",
                "chromStart": 54621476,
                "chromEnd": 54628438,
                "name": "ENSG00000230728.1",
                "strand": "-",
                "thickStart": "54628438",
                "thickEnd": "54628438",
                "itemRgb": "0,0,0",
                "geneSym": "AL590093.1",
                "hgncId": null,
                "geneIds": [
                    "ENSG00000230728.1"
                ],
                "geneType": "lncRNA"
            },
            {
                "chrom": "chr1",
                "chromStart": 196819756,
                "chromEnd": 196832189,
                "name": "ENSG00000244414.6",
                "strand": "+",
                "thickStart": "196832189",
                "thickEnd": "196832189",
                "itemRgb": "0,0,0",
                "geneSym": "CFHR1",
                "hgncId": "HGNC:4888",
                "geneIds": [
                    "ENSG00000244414.6"
                ],
                "geneType": "protein_coding"
            },
            {
                "chrom": "chr1",
                "chromStart": 213492287,
                "chromEnd": 213579267,
                "name": "ENSG00000225233.2",
                "strand": "+",
                "thickStart": "213579267",
                "thickEnd": "213579267",
                "itemRgb": "0,0,0",
                "geneSym": "AL592402.1",
                "hgncId": null,
                "geneIds": [
                    "ENSG00000225233.2"
                ],
                "geneType": "lncRNA"
            }
        ]
    },
    {
        "chrom": "chr11",
        "chromStart": 127203,
        "chromEnd": 139612,
        "contextId": "cntx1",
        "downstreamGenes": [],
        "missingGenes": [
            {
                "chrom": "chr11",
                "chromStart": 127203,
                "chromEnd": 139612,
                "name": "ENSG00000230724.9",
                "strand": "-",
                "thickStart": 139612,
                "thickEnd": 139612,
                "itemRgb": "0,0,0",
                "geneSym": "LINC01001",
                "hgncId": "HGNC:38540",
                "geneIds": [
                    "ENSG00000230724.9"
                ],
                "geneType": "lncRNA"
            }
        ],
        "upstreamGenes": []
    },
    {
        "chrom": "chr17",
        "chromStart": 64098,
        "chromEnd": 41276697,
        "contextId": "cntx2",
        "downstreamGenes": [],
        "missingGenes": [
            {
                "chrom": "chr17",
                "chromStart": 64098,
                "chromEnd": 76866,
                "name": "ENSG00000280279.1",
                "strand": "-",
                "thickStart": 76866,
                "thickEnd": 76866,
                "itemRgb": "0,0,0",
                "geneSym": "AC240565.2",
                "hgncId": null,
                "geneIds": [
                    "ENSG00000280279.1"
                ],
                "geneType": "lncRNA"
            }
        ],
        "upstreamGenes": [
            {
                "chrom": "chr17",
                "chromStart": 41255383,
                "chromEnd": 41256364,
                "name": "ENSG00000198083.9",
                "strand": "+",
                "thickStart": "41256364",
                "thickEnd": "41256364",
                "itemRgb": "0,0,0",
                "geneSym": "KRTAP9-9",
                "hgncId": "HGNC:16773",
                "geneIds": [
                    "ENSG00000198083.9"
                ],
                "geneType": "protein_coding"
            },
            {
                "chrom": "chr17",
                "chromStart": 41265338,
                "chromEnd": 41266641,
                "name": "ENSG00000212659.1",
                "strand": "+",
                "thickStart": "41266641",
                "thickEnd": "41266641",
                "itemRgb": "0,0,0",
                "geneSym": "KRTAP9-6",
                "hgncId": "HGNC:18914",
                "geneIds": [
                    "ENSG00000212659.1"
                ],
                "geneType": "protein_coding"
            },
            {
                "chrom": "chr17",
                "chromStart": 41275658,
                "chromEnd": 41276697,
                "name": "ENSG00000180386.7",
                "strand": "+",
                "thickStart": "41276697",
                "thickEnd": "41276697",
                "itemRgb": "0,0,0",
                "geneSym": "KRTAP9-7",
                "hgncId": "HGNC:18915",
                "geneIds": [
                    "ENSG00000180386.7"
                ],
                "geneType": "protein_coding"
            }
        ]
    },
    {
        "chrom": "chr17",
        "chromStart": 41255383,
        "chromEnd": 83227721,
        "contextId": "cntx3",
        "downstreamGenes": [
            {
                "chrom": "chr17",
                "chromStart": 41255383,
                "chromEnd": 41256364,
                "name": "ENSG00000198083.9",
                "strand": "+",
                "thickStart": "41256364",
                "thickEnd": "41256364",
                "itemRgb": "0,0,0",
                "geneSym": "KRTAP9-9",
                "hgncId": "HGNC:16773",
                "geneIds": [
                    "ENSG00000198083.9"
                ],
                "geneType": "protein_coding"
            },
            {
                "chrom": "chr17",
                "chromStart": 41265338,
                "chromEnd": 41266641,
                "name": "ENSG00000212659.1",
                "strand": "+",
                "thickStart": "41266641",
                "thickEnd": "41266641",
                "itemRgb": "0,0,0",
                "geneSym": "KRTAP9-6",
                "hgncId": "HGNC:18914",
                "geneIds": [
                    "ENSG00000212659.1"
                ],
                "geneType": "protein_coding"
            },
            {
                "chrom": "chr17",
                "chromStart": 41275658,
                "chromEnd": 41276697,
                "name": "ENSG00000180386.7",
                "strand": "+",
                "thickStart": "41276697",
                "thickEnd": "41276697",
                "itemRgb": "0,0,0",
                "geneSym": "KRTAP9-7",
                "hgncId": "HGNC:18915",
                "geneIds": [
                    "ENSG00000180386.7"
                ],
                "geneType": "protein_coding"
            }
        ],
        "missingGenes": [
            {
                "chrom": "chr17",
                "chromStart": 83135733,
                "chromEnd": 83221442,
                "name": "ENSG00000262898.3",
                "strand": "+",
                "thickStart": 83221442,
                "thickEnd": 83221442,
                "itemRgb": "0,0,0",
                "geneSym": "AC139099.2",
                "hgncId": null,
                "geneIds": [
                    "ENSG00000262898.3"
                ],
                "geneType": "lncRNA"
            },
            {
                "chrom": "chr17",
                "chromStart": 83220526,
                "chromEnd": 83227721,
                "name": "ENSG00000262094.1",
                "strand": "-",
                "thickStart": "83227721",
                "thickEnd": "83227721",
                "itemRgb": "0,0,0",
                "geneSym": "AC139099.1",
                "hgncId": null,
                "geneIds": [
                    "ENSG00000262094.1"
                ],
                "geneType": "lncRNA"
            }
        ],
        "upstreamGenes": []
    },
    {
        "chrom": "chr5",
        "chromStart": 181306501,
        "chromEnd": 181324685,
        "contextId": "cntx4",
        "downstreamGenes": [],
        "missingGenes": [
            {
                "chrom": "chr5",
                "chromStart": 181306501,
                "chromEnd": 181324685,
                "name": "ENSG00000238035.8",
                "strand": "+",
                "thickStart": 181324685,
                "thickEnd": 181324685,
                "itemRgb": "0,0,0",
                "geneSym": "AC138035.1",
                "hgncId": null,
                "geneIds": [
                    "ENSG00000238035.8"
                ],
                "geneType": "lncRNA"
            }
        ],
        "upstreamGenes": []
    },
    {
        "chrom": "chr6",
        "chromStart": 170612621,
        "chromEnd": 170738536,
        "contextId": "cntx5",
        "downstreamGenes": [],
        "missingGenes": [
            {
                "chrom": "chr6",
                "chromStart": 170612621,
                "chromEnd": 170638715,
                "name": "ENSG00000287411.1",
                "strand": "+",
                "thickStart": 170638715,
                "thickEnd": 170638715,
                "itemRgb": "0,0,0",
                "geneSym": "AL031259.1",
                "hgncId": null,
                "geneIds": [
                    "ENSG00000287411.1"
                ],
                "geneType": "lncRNA"
            },
            {
                "chrom": "chr6",
                "chromStart": 170615514,
                "chromEnd": 170738536,
                "name": "ENSG00000230423.3",
                "strand": "+",
                "thickStart": "170738536",
                "thickEnd": "170738536",
                "itemRgb": "0,0,0",
                "geneSym": "AL672310.1",
                "hgncId": null,
                "geneIds": [
                    "ENSG00000230423.3"
                ],
                "geneType": "lncRNA"
            },
            {
                "chrom": "chr6",
                "chromStart": 170695312,
                "chromEnd": 170696950,
                "name": "ENSG00000234986.1",
                "strand": "+",
                "thickStart": "170696950",
                "thickEnd": "170696950",
                "itemRgb": "0,0,0",
                "geneSym": "AL731661.1",
                "hgncId": null,
                "geneIds": [
                    "ENSG00000234986.1"
                ],
                "geneType": "lncRNA"
            },
            {
                "chrom": "chr6",
                "chromStart": 170736172,
                "chromEnd": 170737777,
                "name": "ENSG00000225532.1",
                "strand": "-",
                "thickStart": "170737777",
                "thickEnd": "170737777",
                "itemRgb": "0,0,0",
                "geneSym": "AL731684.1",
                "hgncId": null,
                "geneIds": [
                    "ENSG00000225532.1"
                ],
                "geneType": "lncRNA"
            }
        ],
        "upstreamGenes": []
    },
    {
        "chrom": "chr8",
        "chromStart": 72600,
        "chromEnd": 79775,
        "contextId": "cntx6",
        "downstreamGenes": [],
        "missingGenes": [
            {
                "chrom": "chr8",
                "chromStart": 72600,
                "chromEnd": 79775,
                "name": "ENSG00000253896.3",
                "strand": "+",
                "thickStart": 79775,
                "thickEnd": 79775,
                "itemRgb": "0,0,0",
                "geneSym": "AC144568.2",
                "hgncId": null,
                "geneIds": [
                    "ENSG00000253896.3"
                ],
                "geneType": "lncRNA"
            }
        ],
        "upstreamGenes": []
    },
    {
        "chrom": "chrY",
        "chromStart": 25378299,
        "chromEnd": 25394719,
        "contextId": "cntx7",
        "downstreamGenes": [],
        "missingGenes": [
            {
                "chrom": "chrY",
                "chromStart": 25378299,
                "chromEnd": 25394719,
                "name": "ENSG00000228786.5",
                "strand": "-",
                "thickStart": 25394719,
                "thickEnd": 25394719,
                "itemRgb": "0,0,0",
                "geneSym": "LINC00266-4P",
                "hgncId": "HGNC:38800",
                "geneIds": [
                    "ENSG00000228786.5"
                ],
                "geneType": "lncRNA"
            }
        ],
        "upstreamGenes": []
    }
]